CRITICAL - 2026-08-13 09:10:19 --> CodeIgniter\View\Exceptions\ViewException: Invalid file: "admin/settings/index.php"
[Method: GET, Route: admin/settings]
in SYSTEMPATH\Exceptions\FrameworkException.php on line 39.
 1 SYSTEMPATH\View\View.php(228): CodeIgniter\Exceptions\FrameworkException::forInvalidFile('admin/settings/index.php')
 2 SYSTEMPATH\Common.php(1254): CodeIgniter\View\View->render('admin/settings/index', [], true)
 3 APPPATH\Controllers\Admin\SettingsController.php(17): view('admin/settings/index', [...])
 4 SYSTEMPATH\CodeIgniter.php(974): App\Controllers\Admin\SettingsController->index()
 5 SYSTEMPATH\CodeIgniter.php(520): CodeIgniter\CodeIgniter->runController(Object(App\Controllers\Admin\SettingsController))
 6 SYSTEMPATH\CodeIgniter.php(363): CodeIgniter\CodeIgniter->handleRequest(null, Object(Config\Cache), false)
 7 SYSTEMPATH\Boot.php(417): CodeIgniter\CodeIgniter->run()
 8 SYSTEMPATH\Boot.php(68): CodeIgniter\Boot::runCodeIgniter(Object(CodeIgniter\CodeIgniter))
 9 FCPATH\index.php(59): CodeIgniter\Boot::bootWeb(Object(Config\Paths))
10 SYSTEMPATH\rewrite.php(44): require_once('C:\\xampp\\htdocs\\multistate1\\public\\index.php')
CRITICAL - 2026-08-13 09:42:10 --> CodeIgniter\View\Exceptions\ViewException: Invalid file: "admin/settings/index.php"
[Method: GET, Route: admin/settings]
in SYSTEMPATH\Exceptions\FrameworkException.php on line 39.
 1 SYSTEMPATH\View\View.php(228): CodeIgniter\Exceptions\FrameworkException::forInvalidFile('admin/settings/index.php')
 2 SYSTEMPATH\Common.php(1254): CodeIgniter\View\View->render('admin/settings/index', [], true)
 3 APPPATH\Controllers\Admin\SettingsController.php(17): view('admin/settings/index', [...])
 4 SYSTEMPATH\CodeIgniter.php(974): App\Controllers\Admin\SettingsController->index()
 5 SYSTEMPATH\CodeIgniter.php(520): CodeIgniter\CodeIgniter->runController(Object(App\Controllers\Admin\SettingsController))
 6 SYSTEMPATH\CodeIgniter.php(363): CodeIgniter\CodeIgniter->handleRequest(null, Object(Config\Cache), false)
 7 SYSTEMPATH\Boot.php(417): CodeIgniter\CodeIgniter->run()
 8 SYSTEMPATH\Boot.php(68): CodeIgniter\Boot::runCodeIgniter(Object(CodeIgniter\CodeIgniter))
 9 FCPATH\index.php(59): CodeIgniter\Boot::bootWeb(Object(Config\Paths))
10 SYSTEMPATH\rewrite.php(44): require_once('C:\\xampp\\htdocs\\multistate1\\public\\index.php')
